---
source: tests/ui.rs
expression: terminal.backend().to_string()
---
"╔[*] ▶ Home════════════════════════════╗"
"║╔[*] Help · ? or Esc to close════════╗║"
"║║Navigation     ↑ ↓ ← → or h j k l   ║║"
"║║Search         /                    ║║"
"║║Commands       :                    ║║"
"║║Play / pause   Space · F8 · Media P…║║"
"║║Track          n/F9/Media Next · p/…║║"
"║║Seek           Shift+Left back · Sh…║║"
"╚╚════════════════════════════════════╝╝"
"❚❚ 月明かり/Termin 1:13/4:05 v80/80· s-e" Hidden by multi-width symbols: [(4, " "), (6, " "), (8, " "), (10, " ")]
